- Everyone {
    NSFont = "\"Helvetica-Bold 16.00 pt. P [] () fobj=, spc=4.45\"";
    NSParagraphStyle = "Alignment 4, LineSpacing 0, ParagraphSpacing 0, ParagraphSpacingBefore 0, HeadIndent 0, TailIndent 0, FirstLineHeadIndent 0, LineHeight 0/0, LineHeightMultiple 0, LineBreakMode 0, Tabs (\n    28L,\n    56L,\n    84L,\n    112L,\n    140L,\n    168L,\n    196L,\n    224L,\n    252L,\n    280L,\n    308L,\n    336L\n), DefaultTabInterval 0, Blocks (\n), Lists (\n), BaseWritingDirection -1, HyphenationFactor 0, TighteningForTruncation YES, HeaderLevel 0 LineBreakStrategy 0";
}must{
    NSFont = "\"Helvetica-BoldOblique 16.00 pt. P [] () fobj=, spc=4.45\"";
    NSParagraphStyle = "Alignment 4, LineSpacing 0, ParagraphSpacing 0, ParagraphSpacingBefore 0, HeadIndent 0, TailIndent 0, FirstLineHeadIndent 0, LineHeight 0/0, LineHeightMultiple 0, LineBreakMode 0, Tabs (\n    28L,\n    56L,\n    84L,\n    112L,\n    140L,\n    168L,\n    196L,\n    224L,\n    252L,\n    280L,\n    308L,\n    336L\n), DefaultTabInterval 0, Blocks (\n), Lists (\n), BaseWritingDirection -1, HyphenationFactor 0, TighteningForTruncation YES, HeaderLevel 0 LineBreakStrategy 0";
} attend the meeting at 5 oâ€™clock today.{
    NSFont = "\"Helvetica-Bold 16.00 pt. P [] () fobj=, spc=4.45\"";
    NSParagraphStyle = "Alignment 4, LineSpacing 0, ParagraphSpacing 0, ParagraphSpacingBefore 0, HeadIndent 0, TailIndent 0, FirstLineHeadIndent 0, LineHeight 0/0, LineHeightMultiple 0, LineBreakMode 0, Tabs (\n    28L,\n    56L,\n    84L,\n    112L,\n    140L,\n    168L,\n    196L,\n    224L,\n    252L,\n    280L,\n    308L,\n    336L\n), DefaultTabInterval 0, Blocks (\n), Lists (\n), BaseWritingDirection -1, HyphenationFactor 0, TighteningForTruncation YES, HeaderLevel 0 LineBreakStrategy 0";
}
