- HTML is the standard markup language for creating Web pages. HTML describes the structure of a Web page, and consists of a series of elements. HTML elements tell the browser how to display the content.{
    NSColor = "UIExtendedGrayColorSpace 0 1";
    NSFont = "<UICTFont> font-family: \"Helvetica Neue\"; font-weight: normal; font-style: normal; font-size: 17.00pt";
    NSParagraphStyle = "Alignment 4, LineSpacing 0, ParagraphSpacing 17, ParagraphSpacingBefore 0, HeadIndent 0, TailIndent 0, FirstLineHeadIndent 0, LineHeight 0/0, LineHeightMultiple 0, LineBreakMode 0, Tabs (\n    28L,\n    56L,\n    84L,\n    112L,\n    140L,\n    168L,\n    196L,\n    224L,\n    252L,\n    280L,\n    308L,\n    336L\n), DefaultTabInterval 0, Blocks (\n), Lists (\n), BaseWritingDirection -1, HyphenationFactor 0, TighteningForTruncation NO, HeaderLevel 0 LineBreakStrategy 0";
}  {
}CSS is a language that describes how HTML elements are to be displayed on screen, paper, or in other media. CSS saves a lot of work, because it can control the layout of multiple web pages all at once.{
    NSColor = "UIExtendedGrayColorSpace 0 1";
    NSFont = "<UICTFont> font-family: \"Helvetica Neue\"; font-weight: normal; font-style: normal; font-size: 17.00pt";
    NSParagraphStyle = "Alignment 4, LineSpacing 0, ParagraphSpacing 17, ParagraphSpacingBefore 0, HeadIndent 0, TailIndent 0, FirstLineHeadIndent 0, LineHeight 0/0, LineHeightMultiple 0, LineBreakMode 0, Tabs (\n    28L,\n    56L,\n    84L,\n    112L,\n    140L,\n    168L,\n    196L,\n    224L,\n    252L,\n    280L,\n    308L,\n    336L\n), DefaultTabInterval 0, Blocks (\n), Lists (\n), BaseWritingDirection -1, HyphenationFactor 0, TighteningForTruncation NO, HeaderLevel 0 LineBreakStrategy 0";
}  {
}JavaScript is the programming language of HTML and the Web. JavaScript can change HTML content and attribute values. JavaScript can change CSS. JavaScript can hide and show HTML elements, and more.{
    NSColor = "UIExtendedGrayColorSpace 0 1";
    NSFont = "<UICTFont> font-family: \"Helvetica Neue\"; font-weight: normal; font-style: normal; font-size: 17.00pt";
    NSParagraphStyle = "Alignment 4, LineSpacing 0, ParagraphSpacing 17, ParagraphSpacingBefore 0, HeadIndent 0, TailIndent 0, FirstLineHeadIndent 0, LineHeight 0/0, LineHeightMultiple 0, LineBreakMode 0, Tabs (\n    28L,\n    56L,\n    84L,\n    112L,\n    140L,\n    168L,\n    196L,\n    224L,\n    252L,\n    280L,\n    308L,\n    336L\n), DefaultTabInterval 0, Blocks (\n), Lists (\n), BaseWritingDirection -1, HyphenationFactor 0, TighteningForTruncation NO, HeaderLevel 0 LineBreakStrategy 0";
}
