- After the Big Bang{
    NSColor = "Generic Gray Gamma 2.2 Profile colorspace 0 1";
    NSFont = "\"HelveticaNeue-Bold 34.00 pt. P [] () fobj=, spc=9.45\"";
    NSParagraphStyle = "Alignment 4, LineSpacing 0, ParagraphSpacing 11, ParagraphSpacingBefore 0, HeadIndent 0, TailIndent 0, FirstLineHeadIndent 0, LineHeight 0/0, LineHeightMultiple 1, LineBreakMode 0, Tabs (\n    28L,\n    56L,\n    84L,\n    112L,\n    140L,\n    168L,\n    196L,\n    224L,\n    252L,\n    280L,\n    308L,\n    336L\n), DefaultTabInterval 0, Blocks (\n), Lists (\n), BaseWritingDirection -1, HyphenationFactor 0, TighteningForTruncation YES, HeaderLevel 0 LineBreakStrategy 0";
} {
}A brief summary of time{
    NSColor = "Generic Gray Gamma 2.2 Profile colorspace 0 1";
    NSFont = "\"HelveticaNeue 17.00 pt. P [] () fobj=, spc=4.73\"";
    NSParagraphStyle = "Alignment 4, LineSpacing 0, ParagraphSpacing 17, ParagraphSpacingBefore 0, HeadIndent 0, TailIndent 0, FirstLineHeadIndent 0, LineHeight 0/0, LineHeightMultiple 1, LineBreakMode 0, Tabs (\n    28L,\n    56L,\n    84L,\n    112L,\n    140L,\n    168L,\n    196L,\n    224L,\n    252L,\n    280L,\n    308L,\n    336L\n), DefaultTabInterval 0, Blocks (\n), Lists (\n), BaseWritingDirection -1, HyphenationFactor 0, TighteningForTruncation YES, HeaderLevel 0 LineBreakStrategy 0";
} {
}Life on earth{
    NSColor = "Generic Gray Gamma 2.2 Profile colorspace 0 1";
    NSFont = "\"HelveticaNeue-Bold 26.00 pt. P [] () fobj=, spc=7.23\"";
    NSParagraphStyle = "Alignment 4, LineSpacing 0, ParagraphSpacing 11, ParagraphSpacingBefore 0, HeadIndent 0, TailIndent 0, FirstLineHeadIndent 0, LineHeight 0/0, LineHeightMultiple 1, LineBreakMode 0, Tabs (\n    28L,\n    56L,\n    84L,\n    112L,\n    140L,\n    168L,\n    196L,\n    224L,\n    252L,\n    280L,\n    308L,\n    336L\n), DefaultTabInterval 0, Blocks (\n), Lists (\n), BaseWritingDirection -1, HyphenationFactor 0, TighteningForTruncation YES, HeaderLevel 0 LineBreakStrategy 0";
} {
}10 billion years{
    NSColor = "Generic Gray Gamma 2.2 Profile colorspace 0 1";
    NSFont = "\"HelveticaNeue 17.00 pt. P [] () fobj=, spc=4.73\"";
    NSParagraphStyle = "Alignment 4, LineSpacing 0, ParagraphSpacing 17, ParagraphSpacingBefore 0, HeadIndent 0, TailIndent 0, FirstLineHeadIndent 0, LineHeight 0/0, LineHeightMultiple 1, LineBreakMode 0, Tabs (\n    28L,\n    56L,\n    84L,\n    112L,\n    140L,\n    168L,\n    196L,\n    224L,\n    252L,\n    280L,\n    308L,\n    336L\n), DefaultTabInterval 0, Blocks (\n), Lists (\n), BaseWritingDirection -1, HyphenationFactor 0, TighteningForTruncation YES, HeaderLevel 0 LineBreakStrategy 0";
} {
}You reading this{
    NSColor = "Generic Gray Gamma 2.2 Profile colorspace 0 1";
    NSFont = "\"HelveticaNeue-Bold 26.00 pt. P [] () fobj=, spc=7.23\"";
    NSParagraphStyle = "Alignment 4, LineSpacing 0, ParagraphSpacing 11, ParagraphSpacingBefore 0, HeadIndent 0, TailIndent 0, FirstLineHeadIndent 0, LineHeight 0/0, LineHeightMultiple 1, LineBreakMode 0, Tabs (\n    28L,\n    56L,\n    84L,\n    112L,\n    140L,\n    168L,\n    196L,\n    224L,\n    252L,\n    280L,\n    308L,\n    336L\n), DefaultTabInterval 0, Blocks (\n), Lists (\n), BaseWritingDirection -1, HyphenationFactor 0, TighteningForTruncation YES, HeaderLevel 0 LineBreakStrategy 0";
} {
}13.7 billion years{
    NSColor = "Generic Gray Gamma 2.2 Profile colorspace 0 1";
    NSFont = "\"HelveticaNeue 17.00 pt. P [] () fobj=, spc=4.73\"";
    NSParagraphStyle = "Alignment 4, LineSpacing 0, ParagraphSpacing 17, ParagraphSpacingBefore 0, HeadIndent 0, TailIndent 0, FirstLineHeadIndent 0, LineHeight 0/0, LineHeightMultiple 1, LineBreakMode 0, Tabs (\n    28L,\n    56L,\n    84L,\n    112L,\n    140L,\n    168L,\n    196L,\n    224L,\n    252L,\n    280L,\n    308L,\n    336L\n), DefaultTabInterval 0, Blocks (\n), Lists (\n), BaseWritingDirection -1, HyphenationFactor 0, TighteningForTruncation YES, HeaderLevel 0 LineBreakStrategy 0";
}
