- After the Big Bang{
    NSFont = "<UICTFont> font-family: \"Helvetica Neue\"; font-weight: bold; font-style: normal; font-size: 34.00pt";
    NSParagraphStyle = "Alignment 4, LineSpacing 0, ParagraphSpacing 11, ParagraphSpacingBefore 0, HeadIndent 0, TailIndent 0, FirstLineHeadIndent 0, LineHeight 0/0, LineHeightMultiple 1, LineBreakMode 0, Tabs (\n    28L,\n    56L,\n    84L,\n    112L,\n    140L,\n    168L,\n    196L,\n    224L,\n    252L,\n    280L,\n    308L,\n    336L\n), DefaultTabInterval 0, Blocks (\n), Lists (\n), BaseWritingDirection -1, HyphenationFactor 0, TighteningForTruncation NO, HeaderLevel 0 LineBreakStrategy 0";
} {
}A brief summary of time{
    NSFont = "<UICTFont> font-family: \"Helvetica Neue\"; font-weight: normal; font-style: normal; font-size: 17.00pt";
    NSParagraphStyle = "Alignment 4, LineSpacing 0, ParagraphSpacing 17, ParagraphSpacingBefore 0, HeadIndent 0, TailIndent 0, FirstLineHeadIndent 0, LineHeight 0/0, LineHeightMultiple 1, LineBreakMode 0, Tabs (\n    28L,\n    56L,\n    84L,\n    112L,\n    140L,\n    168L,\n    196L,\n    224L,\n    252L,\n    280L,\n    308L,\n    336L\n), DefaultTabInterval 0, Blocks (\n), Lists (\n), BaseWritingDirection -1, HyphenationFactor 0, TighteningForTruncation NO, HeaderLevel 0 LineBreakStrategy 0";
} {
}Life on earth{
    NSFont = "<UICTFont> font-family: \"Helvetica Neue\"; font-weight: bold; font-style: normal; font-size: 26.00pt";
    NSParagraphStyle = "Alignment 4, LineSpacing 0, ParagraphSpacing 11, ParagraphSpacingBefore 0, HeadIndent 0, TailIndent 0, FirstLineHeadIndent 0, LineHeight 0/0, LineHeightMultiple 1, LineBreakMode 0, Tabs (\n    28L,\n    56L,\n    84L,\n    112L,\n    140L,\n    168L,\n    196L,\n    224L,\n    252L,\n    280L,\n    308L,\n    336L\n), DefaultTabInterval 0, Blocks (\n), Lists (\n), BaseWritingDirection -1, HyphenationFactor 0, TighteningForTruncation NO, HeaderLevel 0 LineBreakStrategy 0";
} {
}10 billion years{
    NSFont = "<UICTFont> font-family: \"Helvetica Neue\"; font-weight: normal; font-style: normal; font-size: 17.00pt";
    NSParagraphStyle = "Alignment 4, LineSpacing 0, ParagraphSpacing 17, ParagraphSpacingBefore 0, HeadIndent 0, TailIndent 0, FirstLineHeadIndent 0, LineHeight 0/0, LineHeightMultiple 1, LineBreakMode 0, Tabs (\n    28L,\n    56L,\n    84L,\n    112L,\n    140L,\n    168L,\n    196L,\n    224L,\n    252L,\n    280L,\n    308L,\n    336L\n), DefaultTabInterval 0, Blocks (\n), Lists (\n), BaseWritingDirection -1, HyphenationFactor 0, TighteningForTruncation NO, HeaderLevel 0 LineBreakStrategy 0";
} {
}You reading this{
    NSFont = "<UICTFont> font-family: \"Helvetica Neue\"; font-weight: bold; font-style: normal; font-size: 26.00pt";
    NSParagraphStyle = "Alignment 4, LineSpacing 0, ParagraphSpacing 11, ParagraphSpacingBefore 0, HeadIndent 0, TailIndent 0, FirstLineHeadIndent 0, LineHeight 0/0, LineHeightMultiple 1, LineBreakMode 0, Tabs (\n    28L,\n    56L,\n    84L,\n    112L,\n    140L,\n    168L,\n    196L,\n    224L,\n    252L,\n    280L,\n    308L,\n    336L\n), DefaultTabInterval 0, Blocks (\n), Lists (\n), BaseWritingDirection -1, HyphenationFactor 0, TighteningForTruncation NO, HeaderLevel 0 LineBreakStrategy 0";
} {
}13.7 billion years{
    NSFont = "<UICTFont> font-family: \"Helvetica Neue\"; font-weight: normal; font-style: normal; font-size: 17.00pt";
    NSParagraphStyle = "Alignment 4, LineSpacing 0, ParagraphSpacing 17, ParagraphSpacingBefore 0, HeadIndent 0, TailIndent 0, FirstLineHeadIndent 0, LineHeight 0/0, LineHeightMultiple 1, LineBreakMode 0, Tabs (\n    28L,\n    56L,\n    84L,\n    112L,\n    140L,\n    168L,\n    196L,\n    224L,\n    252L,\n    280L,\n    308L,\n    336L\n), DefaultTabInterval 0, Blocks (\n), Lists (\n), BaseWritingDirection -1, HyphenationFactor 0, TighteningForTruncation NO, HeaderLevel 0 LineBreakStrategy 0";
}
